{
    "adata_readrds_versions": {
        "content": [
            [
                "versions.yml:md5,ca41f493fa72083e3875b0618963984c"
            ]
        ],
        "meta": {
            "nf-test": "0.9.0",
            "nextflow": "24.04.4"
        },
        "timestamp": "2024-10-17T14:53:13.997590657"
    },
    "adata_readrds_h5ad": {
        "content": [
            [
                [
                    {
                        "id": "test"
                    },
                    "test.h5ad:md5,8a310f6ac2557969edc163c9d3b8a050"
                ]
            ]
        ],
        "meta": {
            "nf-test": "0.9.0",
            "nextflow": "24.04.4"
        },
        "timestamp": "2024-10-17T14:53:12.430708745"
    }
}